// Jest Snapshot v1, https://goo.gl/fbAQLP

exports[`Layout Matches snapshot 1`] = `
<div
  style={
    Object {
      "alignItems": "center",
      "backgroundImage": "url([object Object])",
      "backgroundPosition": "center",
      "backgroundRepeat": "no-repeat",
      "backgroundSize": "auto",
      "display": "flex",
      "flexDirection": "column",
      "height": "100%",
      "justifyContent": "center",
      "width": "100%",
    }
  }
>
  <CssBaseline />
  <WithStyles(ForwardRef(Typography))
    gutterBottom={true}
    variant="h3"
  >
    Hello, 
    Visitor
     
    <span
      aria-label="sunglass"
      role="img"
    >
      😎
    </span>
  </WithStyles(ForwardRef(Typography))>
  <WithStyles(ForwardRef(Tooltip))
    title="Return to the Login screen and select another repository"
  >
    <WithStyles(ForwardRef(Button))
      color="primary"
      onClick={[Function]}
      variant="outlined"
    >
      Log out
      <span
        aria-label="sunglass"
        role="img"
      >
        🚪
      </span>
    </WithStyles(ForwardRef(Button))>
  </WithStyles(ForwardRef(Tooltip))>
</div>
`;
