// Jest Snapshot v1, https://goo.gl/fbAQLP

exports[`App Layout Matches snapshot 1`] = `
<div
  style={
    Object {
      "alignItems": "center",
      "backgroundImage": "url([object Object])",
      "backgroundPosition": "center",
      "backgroundRepeat": "no-repeat",
      "backgroundSize": "auto",
      "display": "flex",
      "flexDirection": "column",
      "height": "100%",
      "width": "100%",
    }
  }
>
  <WithStyles(CssBaseline) />
  <UniversalHeader
    appName="sn-react-imagegallery"
    classes={
      Object {
        "appBar": "makeStyles-appBar-1",
      }
    }
    hamburgerMenuClasses={
      Object {
        "menuIcon": "makeStyles-menuIcon-2",
        "menuIconActive": "makeStyles-menuIconActive-3",
        "menuItem": "makeStyles-menuItem-4",
      }
    }
    title="Image gallery"
  />
  <WithStyles(ForwardRef(Container))
    maxWidth="md"
  >
    <div
      className="makeStyles-linkContainer-5"
    >
      <WithStyles(ForwardRef(Link))
        className="makeStyles-link-6"
        href="https://admin.sensenet.com/content/explorer/?path=%2FIT%2FImageLibrary"
        target="_blank"
      >
        <WithStyles(ForwardRef(Button))
          className="makeStyles-button-7"
        >
          Go to connected repository
        </WithStyles(ForwardRef(Button))>
      </WithStyles(ForwardRef(Link))>
    </div>
    <ImageList />
  </WithStyles(ForwardRef(Container))>
</div>
`;

exports[`App Layout matches Transition snapshot 1`] = `
<ForwardRef(Slide)
  direction="up"
/>
`;
