// Jest Snapshot v1, https://goo.gl/fbAQLP

exports[`App Layout Matches snapshot 1`] = `
<div
  style={
    Object {
      "alignItems": "center",
      "backgroundImage": "url([object Object])",
      "backgroundPosition": "center",
      "backgroundRepeat": "no-repeat",
      "backgroundSize": "auto",
      "display": "flex",
      "flexDirection": "column",
      "height": "100%",
      "width": "100%",
    }
  }
>
  <WithStyles(CssBaseline) />
  <UniversalHeader
    classes={
      Object {
        "appBar": "makeStyles-appBar-1",
      }
    }
    hamburgerMenuClasses={
      Object {
        "menuIcon": "makeStyles-menuIcon-2",
        "menuIconActive": "makeStyles-menuIconActive-3",
      }
    }
    title="Image gallery"
  />
  <WithStyles(ForwardRef(Container))
    maxWidth="md"
  >
    <ImageList />
  </WithStyles(ForwardRef(Container))>
</div>
`;

exports[`App Layout matches Transition snapshot 1`] = `
<ForwardRef(Slide)
  direction="up"
/>
`;
