// Jest Snapshot v1, https://goo.gl/fbAQLP

exports[`FullScreenDialog Matches snapshot 1`] = `
<div>
  <WithStyles(ForwardRef(Dialog))
    TransitionComponent={
      Object {
        "$$typeof": Symbol(react.forward_ref),
        "render": [Function],
      }
    }
    fullScreen={true}
    onClose={[MockFunction]}
    open={true}
  >
    <WithStyles(ForwardRef(AppBar))
      className="makeStyles-appBar-3"
    >
      <WithStyles(ForwardRef(Toolbar))>
        <WithStyles(ForwardRef(IconButton))
          aria-label="Close"
          color="inherit"
          edge="start"
          onClick={[MockFunction]}
        >
          <Memo(ForwardRef(CloseIcon)) />
        </WithStyles(ForwardRef(IconButton))>
        <div
          className="makeStyles-title-2"
        >
          Image
        </div>
      </WithStyles(ForwardRef(Toolbar))>
    </WithStyles(ForwardRef(AppBar))>
    <ImageGallery
      handleDelete={[MockFunction]}
      openedImage={
        Object {
          "CreationDate": "2019.05.05",
          "Description": "Description",
          "Id": 1,
          "Index": 1,
          "Name": "Image",
          "Path": "Path",
          "Type": "Image",
          "imgTitle": "Title",
        }
      }
      steppingFunction={[MockFunction]}
    />
  </WithStyles(ForwardRef(Dialog))>
</div>
`;
