// Jest Snapshot v1, https://goo.gl/fbAQLP

exports[`The app layout instance should be rendered correctly 1`] = `
<Fragment>
  <WithStyles(CssBaseline) />
  <UniversalHeader
    appName="sn-react-browser"
    title="Document Browser"
  />
  <WithStyles(ForwardRef(Container))
    className="makeStyles-container-1"
    maxWidth="lg"
  >
    <WithStyles(ForwardRef(Button))
      className="makeStyles-button-2"
      href="https://admin.sensenet.com/content/explorer/?path=%2FIT%2FDocument_Library"
      target="_blank"
    >
      Go to connected repository
    </WithStyles(ForwardRef(Button))>
    <WithStyles(ForwardRef(Grid))
      className="makeStyles-gridContainer-3"
      container={true}
    >
      <WithStyles(ForwardRef(Grid))
        className="makeStyles-gridItem-4"
        item={true}
        xs={12}
      >
        <Switch>
          <Route
            component={[Function]}
            exact={true}
            path="/"
          />
          <Route
            component={[Function]}
            path="/preview/:documentId"
          />
          <Route
            component={[Function]}
            path="/edit/:documentId/:action?"
          />
        </Switch>
      </WithStyles(ForwardRef(Grid))>
    </WithStyles(ForwardRef(Grid))>
  </WithStyles(ForwardRef(Container))>
</Fragment>
`;
