// Jest Snapshot v1, https://goo.gl/fbAQLP

exports[`The navbar instance should renders correctly 1`] = `
<div
  className="makeStyles-root-1"
>
  <WithStyles(ForwardRef(AppBar))
    position="relative"
  >
    <WithStyles(ForwardRef(Toolbar))>
      <WithStyles(ForwardRef(Typography))
        className="makeStyles-title-3"
        variant="h6"
      >
        Document Browser
      </WithStyles(ForwardRef(Typography))>
      <WithStyles(ForwardRef(Tooltip))
        title="Return to the Login screen and select another repository"
      >
        <WithStyles(ForwardRef(Button))
          color="inherit"
          onClick={[Function]}
        >
          Log out
        </WithStyles(ForwardRef(Button))>
      </WithStyles(ForwardRef(Tooltip))>
    </WithStyles(ForwardRef(Toolbar))>
  </WithStyles(ForwardRef(AppBar))>
</div>
`;
