// Jest Snapshot v1, https://goo.gl/fbAQLP

exports[`Add new event component Snapshot 1`] = `
<WithStyles(ForwardRef(Fab))
  aria-label="Add new"
  className="makeStyles-fabAdd-1"
  color="secondary"
  onClick={[Function]}
  variant="extended"
>
  <AddIcon
    className="makeStyles-extendedIcon-2"
  />
  Add new
</WithStyles(ForwardRef(Fab))>
`;
