// Jest Snapshot v1, https://goo.gl/fbAQLP

exports[`ViewDialogBody ViewDialogBody snapshot test 1`] = `
<Fragment>
  <WithStyles(ForwardRef(Card))
    className="makeStyles-card-3"
  >
    <WithStyles(ForwardRef(CardContent))>
      <WithStyles(ForwardRef(Grid))
        container={true}
        direction="row"
        justify="flex-end"
      >
        <WithStyles(ForwardRef(Grid))
          item={true}
        >
          <WithStyles(ForwardRef(IconButton))
            aria-label="remove"
            className="makeStyles-button-9"
            onClick={[Function]}
          >
            <DeleteOutlinedIcon
              className="makeStyles-icon-8"
            />
          </WithStyles(ForwardRef(IconButton))>
          <WithStyles(ForwardRef(IconButton))
            aria-label="edit"
            className="makeStyles-button-9"
            onClick={[Function]}
          >
            <EditOutlinedIcon
              className="makeStyles-icon-8"
            />
          </WithStyles(ForwardRef(IconButton))>
        </WithStyles(ForwardRef(Grid))>
      </WithStyles(ForwardRef(Grid))>
      <WithStyles(ForwardRef(Grid))
        container={true}
        direction="column"
        justify="center"
      >
        <WithStyles(ForwardRef(Grid))
          item={true}
        >
          <WithStyles(ForwardRef(Typography))
            className="makeStyles-ml15-2"
            component="h2"
            variant="h5"
          />
        </WithStyles(ForwardRef(Grid))>
        <WithStyles(ForwardRef(Grid))
          item={true}
        >
          <WithStyles(ForwardRef(List))
            className="makeStyles-listitemroot-1"
          >
            <WithStyles(ForwardRef(ListItem))>
              <WithStyles(ForwardRef(ListItemAvatar))>
                <WithStyles(ForwardRef(Avatar))>
                  <WatchIcon />
                </WithStyles(ForwardRef(Avatar))>
              </WithStyles(ForwardRef(ListItemAvatar))>
              <WithStyles(ForwardRef(ListItemText))
                primary="Date"
                secondary="Tuesday, Jan-01 13:00 - 14:00"
              />
            </WithStyles(ForwardRef(ListItem))>
          </WithStyles(ForwardRef(List))>
        </WithStyles(ForwardRef(Grid))>
        <WithStyles(ForwardRef(Grid))
          item={true}
        >
          <WithStyles(ForwardRef(List))
            className="makeStyles-listitemroot-1"
          >
            <WithStyles(ForwardRef(ListItem))>
              <WithStyles(ForwardRef(ListItemAvatar))>
                <WithStyles(ForwardRef(Avatar))>
                  <RoomIcon />
                </WithStyles(ForwardRef(Avatar))>
              </WithStyles(ForwardRef(ListItemAvatar))>
              <WithStyles(ForwardRef(ListItemText))
                primary="Location"
                secondary="Budapest"
              />
            </WithStyles(ForwardRef(ListItem))>
          </WithStyles(ForwardRef(List))>
        </WithStyles(ForwardRef(Grid))>
        <WithStyles(ForwardRef(Grid))
          item={true}
        >
          <WithStyles(ForwardRef(List))
            className="makeStyles-listitemroot-1"
          >
            <WithStyles(ForwardRef(ListItem))>
              <WithStyles(ForwardRef(ListItemAvatar))>
                <WithStyles(ForwardRef(Avatar))>
                  <NotesIcon />
                </WithStyles(ForwardRef(Avatar))>
              </WithStyles(ForwardRef(ListItemAvatar))>
              <WithStyles(ForwardRef(ListItemText))
                primary="Description"
                secondary="Event description"
              />
            </WithStyles(ForwardRef(ListItem))>
          </WithStyles(ForwardRef(List))>
        </WithStyles(ForwardRef(Grid))>
      </WithStyles(ForwardRef(Grid))>
    </WithStyles(ForwardRef(CardContent))>
  </WithStyles(ForwardRef(Card))>
  <Component
    onClose={[Function]}
    open={false}
    title=""
  />
</Fragment>
`;
