// Jest Snapshot v1, https://goo.gl/fbAQLP

exports[`EditPropertiesDialog EditPropertiesDialog snapshot 1`] = `
<WithStyles(ForwardRef(Dialog))
  aria-labelledby="event-dialog"
  fullScreen={true}
  open={true}
>
  <EditPropertiesDialogBody
    contentId={214124124}
    dialogProps={
      Object {
        "fullScreen": true,
        "fullWidth": false,
        "maxWidth": "lg",
        "onClose": [MockFunction],
        "open": true,
        "scroll": "body",
      }
    }
  />
</WithStyles(ForwardRef(Dialog))>
`;
