// Jest Snapshot v1, https://goo.gl/fbAQLP

exports[`DialogComponent DialogComponent snapshot 1`] = `
<WithStyles(ForwardRef(Dialog))
  aria-labelledby="simple-dialog-title"
  maxWidth="sm"
  open={true}
>
  <WithStyles(ForwardRef(DialogTitle))
    id="simple-dialog-title"
  >
    Are you sure you want to delete it?
  </WithStyles(ForwardRef(DialogTitle))>
  <WithStyles(ForwardRef(DialogContent))>
    <WithStyles(ForwardRef(DialogContentText))
      id="alert-dialog-description"
    >
      Test title
    </WithStyles(ForwardRef(DialogContentText))>
  </WithStyles(ForwardRef(DialogContent))>
  <WithStyles(ForwardRef(DialogActions))>
    <WithStyles(ForwardRef(Button))
      className="makeStyles-buttonDefault-1"
      color="secondary"
      onClick={[Function]}
    >
      Yes
    </WithStyles(ForwardRef(Button))>
    <WithStyles(ForwardRef(Button))
      className="makeStyles-buttonDefault-1"
      color="default"
      onClick={[Function]}
    >
      No
    </WithStyles(ForwardRef(Button))>
  </WithStyles(ForwardRef(DialogActions))>
</WithStyles(ForwardRef(Dialog))>
`;
