// Jest Snapshot v1, https://goo.gl/fbAQLP

exports[`DialogComponent DialogComponent snapshot 1`] = `
<WithStyles(ForwardRef(Dialog))
  TransitionComponent={
    Object {
      "$$typeof": Symbol(react.forward_ref),
      "displayName": "Transition",
      "render": [Function],
    }
  }
  aria-labelledby="event-dialog"
  fullScreen={true}
  fullWidth={true}
  maxWidth="md"
  open={true}
>
  <WithStyles(ForwardRef(DialogContent))
    className="makeStyles-dialogcontent-1"
  >
    <Component
      content={
        Object {
          "AllDay": false,
          "CreatedBy": Object {
            "Avatar": "/Root/Content",
            "DisplayName": "Test User",
          },
          "Description": "Event description",
          "EndDate": "2019-01-01T13:00:00.000Z",
          "Id": 214124124,
          "Location": "Budapest",
          "Name": "Event 1",
          "Path": "/Root/Content",
          "StartDate": "2019-01-01T12:00:00.000Z",
          "Type": "event type",
        }
      }
      dialogClose={[MockFunction]}
    />
  </WithStyles(ForwardRef(DialogContent))>
  <WithStyles(ForwardRef(DialogActions))>
    <WithStyles(ForwardRef(Button))
      className="makeStyles-buttonDefault-2"
      color="default"
      onClick={[Function]}
    >
      Cancel
    </WithStyles(ForwardRef(Button))>
  </WithStyles(ForwardRef(DialogActions))>
</WithStyles(ForwardRef(Dialog))>
`;
