// Jest Snapshot v1, https://goo.gl/fbAQLP

exports[`Header Matches snapshot 1`] = `
<div
  className="makeStyles-root-1"
>
  <WithStyles(ForwardRef(AppBar))
    position="fixed"
  >
    <WithStyles(ForwardRef(Toolbar))>
      <WithStyles(ForwardRef(Typography))
        className="makeStyles-title-4"
        variant="h6"
      >
        Visitor
      </WithStyles(ForwardRef(Typography))>
      <WithStyles(ForwardRef(IconButton))
        aria-label="logout"
        className="makeStyles-logoutButton-3"
        color="inherit"
        edge="start"
        onClick={[Function]}
      >
        <PowerSettingsNewIcon />
      </WithStyles(ForwardRef(IconButton))>
    </WithStyles(ForwardRef(Toolbar))>
  </WithStyles(ForwardRef(AppBar))>
</div>
`;
