// Jest Snapshot v1, https://goo.gl/fbAQLP

exports[`The user search component instance should be rendered correctly 1`] = `
<div
  style={
    Object {
      "height": "100%",
    }
  }
>
  <div
    style={
      Object {
        "display": "flex",
        "flexDirection": "column",
        "height": "calc(100% - 80px)",
      }
    }
  >
    <WithStyles(ForwardRef(Grid))
      alignItems="center"
      container={true}
      justify="center"
    >
      <AdvancedSearch
        fields={[Function]}
        onQueryChanged={[Function]}
        schema={
          Object {
            "AllowIncrementalNaming": false,
            "AllowIndexing": true,
            "AllowedChildTypes": Array [
              "Image",
            ],
            "ContentTypeName": "User",
            "Description": "$Ctd-User,Description",
            "DisplayName": "$Ctd-User,DisplayName",
            "FieldSettings": Array [
              Object {
                "Compulsory": true,
                "DefaultOrder": 0,
                "Description": "The name that the user has to type in on login forms (in some cases along with the domain name). It has to be unique under a domain.",
                "DisplayName": "Login name",
                "FieldClassName": "SenseNet.ContentRepository.Fields.ShortTextField",
                "MaxLength": 100,
                "Name": "LoginName",
                "ReadOnly": false,
                "Type": "ShortTextFieldSetting",
                "Visible": true,
                "VisibleBrowse": 0,
                "VisibleEdit": 0,
                "VisibleNew": 0,
              },
              Object {
                "Compulsory": false,
                "DefaultOrder": 0,
                "Description": "",
                "DisplayName": "Job title",
                "FieldClassName": "SenseNet.ContentRepository.Fields.ShortTextField",
                "Name": "JobTitle",
                "ReadOnly": false,
                "Type": "ShortTextFieldSetting",
                "Visible": true,
                "VisibleBrowse": 0,
                "VisibleEdit": 0,
                "VisibleNew": 0,
              },
              Object {
                "Compulsory": false,
                "DefaultOrder": 0,
                "Description": "User account is enabled.",
                "DisplayName": "Enabled",
                "FieldClassName": "SenseNet.ContentRepository.Fields.BooleanField",
                "Name": "Enabled",
                "ReadOnly": false,
                "Type": "NullFieldSetting",
                "Visible": true,
                "VisibleBrowse": 0,
                "VisibleEdit": 0,
                "VisibleNew": 0,
              },
              Object {
                "Compulsory": false,
                "DefaultOrder": 0,
                "Description": "The domain of the user.",
                "DisplayName": "Domain",
                "FieldClassName": "SenseNet.ContentRepository.Fields.ShortTextField",
                "Name": "Domain",
                "ReadOnly": true,
                "Type": "ShortTextFieldSetting",
                "Visible": true,
                "VisibleBrowse": 0,
                "VisibleEdit": 0,
                "VisibleNew": 0,
              },
              Object {
                "Compulsory": true,
                "DefaultOrder": 0,
                "Description": "The e-mail of the user.",
                "DisplayName": "E-mail",
                "FieldClassName": "SenseNet.ContentRepository.Fields.ShortTextField",
                "Name": "Email",
                "ReadOnly": false,
                "Regex": "^[a-zA-Z0-9._%+-]+@(?:[a-zA-Z0-9-]+\\\\.)+[a-zA-Z]{2,}$",
                "Type": "ShortTextFieldSetting",
                "Visible": true,
                "VisibleBrowse": 0,
                "VisibleEdit": 0,
                "VisibleNew": 0,
              },
              Object {
                "Compulsory": true,
                "DefaultOrder": 0,
                "Description": "Full name of the user (e.g. John Smith).",
                "DisplayName": "Full name",
                "FieldClassName": "SenseNet.ContentRepository.Fields.ShortTextField",
                "Name": "FullName",
                "ReadOnly": false,
                "Regex": "[^<]+",
                "Type": "ShortTextFieldSetting",
                "Visible": true,
                "VisibleBrowse": 0,
                "VisibleEdit": 0,
                "VisibleNew": 0,
              },
              Object {
                "AllowMultiple": false,
                "Compulsory": false,
                "DefaultOrder": 0,
                "DisplayName": "Cover image (reference)",
                "FieldClassName": "SenseNet.ContentRepository.Fields.ReferenceField",
                "Name": "ImageRef",
                "ReadOnly": false,
                "Type": "ReferenceFieldSetting",
                "Visible": false,
                "VisibleBrowse": 1,
                "VisibleEdit": 1,
                "VisibleNew": 1,
              },
              Object {
                "Compulsory": false,
                "DefaultOrder": 0,
                "DisplayName": "Cover image (binarydata)",
                "FieldClassName": "SenseNet.ContentRepository.Fields.BinaryField",
                "Name": "ImageData",
                "ReadOnly": false,
                "Type": "BinaryFieldSetting",
                "Visible": false,
                "VisibleBrowse": 1,
                "VisibleEdit": 1,
                "VisibleNew": 1,
              },
              Object {
                "Compulsory": false,
                "ControlHint": "sn:Image",
                "DefaultOrder": 0,
                "Description": "Avatar image of user.",
                "DisplayName": "Avatar",
                "FieldClassName": "SenseNet.ContentRepository.Fields.ImageField",
                "Name": "Avatar",
                "ReadOnly": false,
                "Type": "NullFieldSetting",
                "Visible": true,
                "VisibleBrowse": 0,
                "VisibleEdit": 0,
                "VisibleNew": 0,
              },
              Object {
                "Compulsory": true,
                "DefaultOrder": 0,
                "Description": "User password.",
                "DisplayName": "Password",
                "FieldClassName": "SenseNet.ContentRepository.Fields.PasswordField",
                "Name": "Password",
                "PasswordHistoryLength": 0,
                "ReadOnly": false,
                "ReenterDescription": "Re-enter password.",
                "ReenterTitle": "Re-enter password",
                "Type": "PasswordFieldSetting",
                "Visible": true,
                "VisibleBrowse": 1,
                "VisibleEdit": 1,
                "VisibleNew": 0,
              },
              Object {
                "Compulsory": false,
                "DefaultOrder": 0,
                "Description": "GUID of corresponding AD object.",
                "DisplayName": "SyncGuid",
                "FieldClassName": "SenseNet.ContentRepository.Fields.ShortTextField",
                "Name": "SyncGuid",
                "ReadOnly": false,
                "Type": "ShortTextFieldSetting",
                "Visible": false,
                "VisibleBrowse": 1,
                "VisibleEdit": 1,
                "VisibleNew": 1,
              },
              Object {
                "Compulsory": false,
                "DateTimeMode": 2,
                "DefaultOrder": 0,
                "Description": "Date of last synchronization.",
                "DisplayName": "LastSync",
                "FieldClassName": "SenseNet.ContentRepository.Fields.DateTimeField",
                "Name": "LastSync",
                "ReadOnly": false,
                "Type": "DateTimeFieldSetting",
                "Visible": false,
                "VisibleBrowse": 1,
                "VisibleEdit": 1,
                "VisibleNew": 1,
              },
              Object {
                "Compulsory": false,
                "DefaultOrder": 0,
                "Description": "Captcha text entered by the user.",
                "DisplayName": "Captcha text",
                "FieldClassName": "SenseNet.ContentRepository.Fields.CaptchaField",
                "Name": "Captcha",
                "ReadOnly": false,
                "Type": "CaptchaFieldSetting",
                "Visible": false,
                "VisibleBrowse": 1,
                "VisibleEdit": 1,
                "VisibleNew": 1,
              },
              Object {
                "AllowMultiple": false,
                "AllowedTypes": Array [
                  "User",
                ],
                "Compulsory": false,
                "DefaultOrder": 0,
                "Description": "Manager of the user.",
                "DisplayName": "Manager",
                "FieldClassName": "SenseNet.ContentRepository.Fields.ReferenceField",
                "Name": "Manager",
                "ReadOnly": false,
                "SelectionRoots": Array [
                  "/Root/IMS",
                ],
                "Type": "ReferenceFieldSetting",
                "Visible": true,
                "VisibleBrowse": 0,
                "VisibleEdit": 0,
                "VisibleNew": 0,
              },
              Object {
                "Compulsory": false,
                "DefaultOrder": 0,
                "Description": "Department of employee.",
                "DisplayName": "Department",
                "FieldClassName": "SenseNet.ContentRepository.Fields.ShortTextField",
                "Name": "Department",
                "ReadOnly": false,
                "Type": "ShortTextFieldSetting",
                "Visible": true,
                "VisibleBrowse": 0,
                "VisibleEdit": 0,
                "VisibleNew": 0,
              },
              Object {
                "Compulsory": false,
                "DefaultOrder": 0,
                "Description": "Spoken languages.",
                "DisplayName": "Languages",
                "FieldClassName": "SenseNet.ContentRepository.Fields.ShortTextField",
                "Name": "Languages",
                "ReadOnly": false,
                "Type": "ShortTextFieldSetting",
                "Visible": true,
                "VisibleBrowse": 0,
                "VisibleEdit": 0,
                "VisibleNew": 0,
              },
              Object {
                "Compulsory": false,
                "DefaultOrder": 0,
                "Description": "Phone number. (e.g. +123456789 or 1234).",
                "DisplayName": "Phone",
                "FieldClassName": "SenseNet.ContentRepository.Fields.ShortTextField",
                "Name": "Phone",
                "ReadOnly": false,
                "Regex": "(^\\\\d*([-\\\\s\\\\+\\\\(\\\\)]\\\\d*)*$)?",
                "Type": "ShortTextFieldSetting",
                "Visible": true,
                "VisibleBrowse": 0,
                "VisibleEdit": 0,
                "VisibleNew": 0,
              },
              Object {
                "AllowExtraValue": false,
                "AllowMultiple": false,
                "Compulsory": false,
                "DefaultOrder": 0,
                "Description": "Select one.",
                "DisplayChoice": 0,
                "DisplayName": "Gender",
                "EnumTypeName": "",
                "FieldClassName": "SenseNet.ContentRepository.Fields.ChoiceField",
                "Name": "Gender",
                "Options": Array [
                  Object {
                    "Enabled": true,
                    "Selected": false,
                    "Text": "...",
                    "Value": "...",
                  },
                  Object {
                    "Enabled": true,
                    "Selected": false,
                    "Text": "Female",
                    "Value": "Female",
                  },
                  Object {
                    "Enabled": true,
                    "Selected": false,
                    "Text": "Male",
                    "Value": "Male",
                  },
                ],
                "ReadOnly": false,
                "Type": "ChoiceFieldSetting",
                "Visible": false,
                "VisibleBrowse": 0,
                "VisibleEdit": 0,
                "VisibleNew": 0,
              },
              Object {
                "AllowExtraValue": false,
                "AllowMultiple": false,
                "Compulsory": false,
                "DefaultOrder": 0,
                "Description": "Select one.",
                "DisplayChoice": 0,
                "DisplayName": "Marital status",
                "EnumTypeName": "",
                "FieldClassName": "SenseNet.ContentRepository.Fields.ChoiceField",
                "Name": "MaritalStatus",
                "Options": Array [
                  Object {
                    "Enabled": true,
                    "Selected": false,
                    "Text": "...",
                    "Value": "...",
                  },
                  Object {
                    "Enabled": true,
                    "Selected": false,
                    "Text": "Single",
                    "Value": "Single",
                  },
                  Object {
                    "Enabled": true,
                    "Selected": false,
                    "Text": "Married",
                    "Value": "Married",
                  },
                ],
                "ReadOnly": false,
                "Type": "ChoiceFieldSetting",
                "Visible": false,
                "VisibleBrowse": 0,
                "VisibleEdit": 0,
                "VisibleNew": 0,
              },
              Object {
                "Compulsory": false,
                "DateTimeMode": 1,
                "DefaultOrder": 0,
                "DisplayName": "Birth date",
                "FieldClassName": "SenseNet.ContentRepository.Fields.DateTimeField",
                "Name": "BirthDate",
                "ReadOnly": false,
                "Type": "DateTimeFieldSetting",
                "Visible": false,
                "VisibleBrowse": 0,
                "VisibleEdit": 0,
                "VisibleNew": 0,
              },
              Object {
                "Compulsory": false,
                "ControlHint": "sn:EducationEditor",
                "DefaultOrder": 0,
                "Description": "List of educations - e.g. high school, university.",
                "DisplayName": "Education",
                "FieldClassName": "SenseNet.ContentRepository.Fields.LongTextField",
                "Name": "Education",
                "ReadOnly": false,
                "TextType": "LongText",
                "Type": "LongTextFieldSetting",
                "Visible": false,
                "VisibleBrowse": 1,
                "VisibleEdit": 1,
                "VisibleNew": 1,
              },
              Object {
                "Compulsory": false,
                "DefaultOrder": 0,
                "DisplayName": "Twitter account",
                "FieldClassName": "SenseNet.ContentRepository.Fields.ShortTextField",
                "Name": "TwitterAccount",
                "ReadOnly": false,
                "Type": "ShortTextFieldSetting",
                "Visible": false,
                "VisibleBrowse": 1,
                "VisibleEdit": 1,
                "VisibleNew": 1,
              },
              Object {
                "Compulsory": false,
                "DefaultOrder": 0,
                "Description": "http://www.facebook.com/USERNAME.",
                "DisplayName": "Facebook URL",
                "FieldClassName": "SenseNet.ContentRepository.Fields.ShortTextField",
                "Name": "FacebookURL",
                "ReadOnly": false,
                "Type": "ShortTextFieldSetting",
                "Visible": false,
                "VisibleBrowse": 1,
                "VisibleEdit": 1,
                "VisibleNew": 1,
              },
              Object {
                "Compulsory": false,
                "DefaultOrder": 0,
                "Description": "http://www.linkedin.com/USERNAME.",
                "DisplayName": "LinkedIn URL",
                "FieldClassName": "SenseNet.ContentRepository.Fields.ShortTextField",
                "Name": "LinkedInURL",
                "ReadOnly": false,
                "Type": "ShortTextFieldSetting",
                "Visible": false,
                "VisibleBrowse": 1,
                "VisibleEdit": 1,
                "VisibleNew": 1,
              },
              Object {
                "AllowExtraValue": false,
                "AllowMultiple": false,
                "Compulsory": false,
                "DefaultOrder": 0,
                "Description": "Language used to display texts on the site, if it is available.",
                "DisplayChoice": 0,
                "DisplayName": "Selected language",
                "EnumTypeName": "",
                "FieldClassName": "SenseNet.ContentRepository.Fields.ChoiceField",
                "Name": "Language",
                "Options": Array [
                  Object {
                    "Enabled": true,
                    "Selected": true,
                    "Text": "English",
                    "Value": "en",
                  },
                  Object {
                    "Enabled": true,
                    "Selected": false,
                    "Text": "Hungarian",
                    "Value": "hu",
                  },
                ],
                "ReadOnly": false,
                "Type": "ChoiceFieldSetting",
                "Visible": true,
                "VisibleBrowse": 0,
                "VisibleEdit": 0,
                "VisibleNew": 0,
              },
              Object {
                "AllowMultiple": true,
                "AllowedTypes": Array [
                  "Workspace",
                ],
                "Compulsory": false,
                "DefaultOrder": 0,
                "Description": "List of workspaces followed by the user.",
                "DisplayName": "Followed workspaces",
                "FieldClassName": "SenseNet.ContentRepository.Fields.ReferenceField",
                "Name": "FollowedWorkspaces",
                "ReadOnly": false,
                "Type": "ReferenceFieldSetting",
                "Visible": false,
                "VisibleBrowse": 1,
                "VisibleEdit": 1,
                "VisibleNew": 1,
              },
              Object {
                "Compulsory": false,
                "DefaultOrder": 0,
                "Description": "Path of the user's personal workspace.",
                "DisplayName": "Profile path",
                "FieldClassName": "SenseNet.ContentRepository.Fields.ShortTextField",
                "Name": "ProfilePath",
                "ReadOnly": true,
                "Type": "ShortTextFieldSetting",
                "Visible": false,
                "VisibleBrowse": 1,
                "VisibleEdit": 1,
                "VisibleNew": 1,
              },
              Object {
                "Compulsory": false,
                "DateTimeMode": 2,
                "DefaultOrder": 0,
                "Description": "Date and time of when the user logged out from all devices.",
                "DisplayName": "Last logout date",
                "FieldClassName": "SenseNet.ContentRepository.Fields.DateTimeField",
                "Name": "LastLoggedOut",
                "ReadOnly": false,
                "Type": "DateTimeFieldSetting",
                "Visible": false,
                "VisibleBrowse": 1,
                "VisibleEdit": 1,
                "VisibleNew": 1,
              },
              Object {
                "Compulsory": false,
                "DefaultOrder": 0,
                "Description": "Unique Id for the content.",
                "DisplayName": "Id",
                "FieldClassName": "SenseNet.ContentRepository.Fields.IntegerField",
                "Name": "Id",
                "ReadOnly": true,
                "Type": "IntegerFieldSetting",
                "Visible": false,
                "VisibleBrowse": 1,
                "VisibleEdit": 1,
                "VisibleNew": 1,
              },
              Object {
                "Compulsory": false,
                "DefaultOrder": 0,
                "Description": "Id of the parent content.",
                "DisplayName": "Parent Id",
                "FieldClassName": "SenseNet.ContentRepository.Fields.IntegerField",
                "Name": "ParentId",
                "ReadOnly": true,
                "Type": "IntegerFieldSetting",
                "Visible": false,
                "VisibleBrowse": 1,
                "VisibleEdit": 1,
                "VisibleNew": 1,
              },
              Object {
                "Compulsory": false,
                "DefaultOrder": 0,
                "Description": "Id of the owner.",
                "DisplayName": "Owner Id",
                "FieldClassName": "SenseNet.ContentRepository.Fields.IntegerField",
                "Name": "OwnerId",
                "ReadOnly": true,
                "Type": "IntegerFieldSetting",
                "Visible": false,
                "VisibleBrowse": 1,
                "VisibleEdit": 1,
                "VisibleNew": 1,
              },
              Object {
                "Compulsory": false,
                "DefaultOrder": 0,
                "Description": "Content owner.",
                "DisplayName": "Owner",
                "FieldClassName": "SenseNet.ContentRepository.Fields.ReferenceField",
                "Name": "Owner",
                "ReadOnly": false,
                "Type": "ReferenceFieldSetting",
                "Visible": false,
                "VisibleBrowse": 1,
                "VisibleEdit": 1,
                "VisibleNew": 1,
              },
              Object {
                "Compulsory": false,
                "DefaultOrder": 0,
                "Description": "Database row Id of current version.",
                "DisplayName": "Version Id",
                "FieldClassName": "SenseNet.ContentRepository.Fields.IntegerField",
                "Name": "VersionId",
                "ReadOnly": true,
                "Type": "IntegerFieldSetting",
                "Visible": false,
                "VisibleBrowse": 1,
                "VisibleEdit": 1,
                "VisibleNew": 1,
              },
              Object {
                "Compulsory": false,
                "DefaultOrder": 0,
                "Description": "Icon",
                "DisplayName": "Icon",
                "FieldClassName": "SenseNet.ContentRepository.Fields.ShortTextField",
                "Name": "Icon",
                "ReadOnly": true,
                "Type": "ShortTextFieldSetting",
                "Visible": false,
                "VisibleBrowse": 1,
                "VisibleEdit": 1,
                "VisibleNew": 1,
              },
              Object {
                "Compulsory": true,
                "ControlHint": "sn:Name",
                "DefaultOrder": 0,
                "Description": "Specify a name that will appear in the address bar of the browser.",
                "DisplayName": "Name",
                "FieldClassName": "SenseNet.ContentRepository.Fields.ShortTextField",
                "Name": "Name",
                "ReadOnly": false,
                "Type": "ShortTextFieldSetting",
                "Visible": true,
                "VisibleBrowse": 0,
                "VisibleEdit": 0,
                "VisibleNew": 0,
              },
              Object {
                "Compulsory": false,
                "DefaultOrder": 0,
                "Description": "Id of creator.",
                "DisplayName": "Created By (Id)",
                "FieldClassName": "SenseNet.ContentRepository.Fields.IntegerField",
                "Name": "CreatedById",
                "ReadOnly": true,
                "Type": "IntegerFieldSetting",
                "Visible": false,
                "VisibleBrowse": 1,
                "VisibleEdit": 1,
                "VisibleNew": 1,
              },
              Object {
                "Compulsory": false,
                "DefaultOrder": 0,
                "Description": "Id of last modifier.",
                "DisplayName": "Last Modified By (Id)",
                "FieldClassName": "SenseNet.ContentRepository.Fields.IntegerField",
                "Name": "ModifiedById",
                "ReadOnly": true,
                "Type": "IntegerFieldSetting",
                "Visible": false,
                "VisibleBrowse": 1,
                "VisibleEdit": 1,
                "VisibleNew": 1,
              },
              Object {
                "Compulsory": false,
                "DefaultOrder": 0,
                "Description": "Version number.",
                "DisplayName": "Version",
                "FieldClassName": "SenseNet.ContentRepository.Fields.VersionField",
                "Name": "Version",
                "ReadOnly": true,
                "Type": "NullFieldSetting",
                "Visible": false,
                "VisibleBrowse": 0,
                "VisibleEdit": 1,
                "VisibleNew": 1,
              },
              Object {
                "Compulsory": false,
                "DefaultOrder": 0,
                "Description": "Content path in the repository.",
                "DisplayName": "Path",
                "FieldClassName": "SenseNet.ContentRepository.Fields.ShortTextField",
                "Name": "Path",
                "ReadOnly": true,
                "Type": "ShortTextFieldSetting",
                "Visible": false,
                "VisibleBrowse": 1,
                "VisibleEdit": 1,
                "VisibleNew": 1,
              },
              Object {
                "Compulsory": false,
                "DefaultOrder": 0,
                "Description": "Content level in the tree. Root level is 0.",
                "DisplayName": "Tree Depth",
                "FieldClassName": "SenseNet.ContentRepository.Fields.IntegerField",
                "Name": "Depth",
                "ReadOnly": true,
                "Type": "IntegerFieldSetting",
                "Visible": false,
                "VisibleBrowse": 1,
                "VisibleEdit": 1,
                "VisibleNew": 1,
              },
              Object {
                "Compulsory": false,
                "DefaultOrder": 0,
                "Description": "This field is true if content is in a system folder/trash or the content is a system folder/file.",
                "DisplayName": "System Content",
                "FieldClassName": "SenseNet.ContentRepository.Fields.BooleanField",
                "Name": "IsSystemContent",
                "ReadOnly": true,
                "Type": "NullFieldSetting",
                "Visible": false,
                "VisibleBrowse": 1,
                "VisibleEdit": 1,
                "VisibleNew": 1,
              },
              Object {
                "Compulsory": false,
                "DefaultOrder": 0,
                "Description": "This field is true if content can contain other content.",
                "DisplayName": "Folder",
                "FieldClassName": "SenseNet.ContentRepository.Fields.BooleanField",
                "Name": "IsFolder",
                "ReadOnly": true,
                "Type": "NullFieldSetting",
                "Visible": false,
                "VisibleBrowse": 1,
                "VisibleEdit": 1,
                "VisibleNew": 1,
              },
              Object {
                "Compulsory": false,
                "ControlHint": "sn:DisplayName",
                "DefaultOrder": 0,
                "Description": "Content name. You can set any name you prefer without any restrictions.",
                "DisplayName": "Display Name",
                "FieldClassName": "SenseNet.ContentRepository.Fields.ShortTextField",
                "Name": "DisplayName",
                "ReadOnly": false,
                "Type": "ShortTextFieldSetting",
                "Visible": true,
                "VisibleBrowse": 0,
                "VisibleEdit": 0,
                "VisibleNew": 0,
              },
              Object {
                "Compulsory": false,
                "ControlHint": "sn:RichText",
                "DefaultOrder": 0,
                "Description": "Description of the content.",
                "DisplayName": "Description",
                "FieldClassName": "SenseNet.ContentRepository.Fields.LongTextField",
                "Name": "Description",
                "ReadOnly": false,
                "Type": "LongTextFieldSetting",
                "Visible": true,
                "VisibleBrowse": 0,
                "VisibleEdit": 0,
                "VisibleNew": 0,
              },
              Object {
                "Compulsory": false,
                "DefaultOrder": 0,
                "Description": "If checked, content will not show up in navigation.",
                "DisplayName": "Hidden",
                "FieldClassName": "SenseNet.ContentRepository.Fields.BooleanField",
                "Name": "Hidden",
                "ReadOnly": false,
                "Type": "NullFieldSetting",
                "Visible": false,
                "VisibleBrowse": 1,
                "VisibleEdit": 1,
                "VisibleNew": 1,
              },
              Object {
                "Compulsory": false,
                "DefaultOrder": 0,
                "Description": "Content order in navigation. Numbers closer to 0 will appear first.",
                "DisplayName": "Index",
                "FieldClassName": "SenseNet.ContentRepository.Fields.IntegerField",
                "Name": "Index",
                "ReadOnly": false,
                "Type": "IntegerFieldSetting",
                "Visible": false,
                "VisibleBrowse": 0,
                "VisibleEdit": 0,
                "VisibleNew": 0,
              },
              Object {
                "Compulsory": false,
                "DefaultOrder": 0,
                "Description": "Specify whether you want to define starting and end date for the validity of this content.",
                "DisplayName": "Enable Lifespan",
                "FieldClassName": "SenseNet.ContentRepository.Fields.BooleanField",
                "Name": "EnableLifespan",
                "ReadOnly": false,
                "Type": "NullFieldSetting",
                "Visible": false,
                "VisibleBrowse": 1,
                "VisibleEdit": 0,
                "VisibleNew": 0,
              },
              Object {
                "Compulsory": false,
                "DateTimeMode": 2,
                "DefaultOrder": 0,
                "Description": "This content will appear on the date you set if lifespan handling is enabled for this content.",
                "DisplayName": "Valid From",
                "FieldClassName": "SenseNet.ContentRepository.Fields.DateTimeField",
                "Name": "ValidFrom",
                "ReadOnly": false,
                "Type": "DateTimeFieldSetting",
                "Visible": false,
                "VisibleBrowse": 1,
                "VisibleEdit": 0,
                "VisibleNew": 0,
              },
              Object {
                "Compulsory": false,
                "DateTimeMode": 2,
                "DefaultOrder": 0,
                "Description": "This content will disappear on the date you set if lifespan handling is enabled for this content.",
                "DisplayName": "Valid Till",
                "FieldClassName": "SenseNet.ContentRepository.Fields.DateTimeField",
                "Name": "ValidTill",
                "ReadOnly": false,
                "Type": "DateTimeFieldSetting",
                "Visible": false,
                "VisibleBrowse": 1,
                "VisibleEdit": 0,
                "VisibleNew": 0,
              },
              Object {
                "Compulsory": false,
                "DefaultOrder": 0,
                "Description": "You can get and set which content types are explicitly allowed to be created under this content. It is a local setting.",
                "DisplayName": "Allowed child types",
                "FieldClassName": "SenseNet.ContentRepository.Fields.AllowedChildTypesField",
                "Name": "AllowedChildTypes",
                "ReadOnly": false,
                "Type": "NullFieldSetting",
                "Visible": false,
                "VisibleBrowse": 1,
                "VisibleEdit": 1,
                "VisibleNew": 1,
              },
              Object {
                "Compulsory": false,
                "DefaultOrder": 0,
                "Description": "You can get which content types are effective allowed to be created under this content. If there is no local setting, the global setting takes effect.",
                "DisplayName": "Effective allowed child types",
                "FieldClassName": "SenseNet.ContentRepository.Fields.AllowedChildTypesField",
                "Name": "EffectiveAllowedChildTypes",
                "ReadOnly": true,
                "Type": "NullFieldSetting",
                "Visible": false,
                "VisibleBrowse": 1,
                "VisibleEdit": 1,
                "VisibleNew": 1,
              },
              Object {
                "AllowExtraValue": false,
                "AllowMultiple": false,
                "Compulsory": false,
                "DefaultOrder": 0,
                "Description": "It shows the versioning mode of the current content.",
                "DisplayChoice": 0,
                "DisplayName": "Versioning Mode For Current Content",
                "EnumTypeName": "",
                "FieldClassName": "SenseNet.ContentRepository.Fields.VersioningModeField",
                "Name": "VersioningMode",
                "Options": Array [
                  Object {
                    "Enabled": true,
                    "Selected": true,
                    "Text": "Inherited",
                    "Value": "0",
                  },
                  Object {
                    "Enabled": true,
                    "Selected": false,
                    "Text": "None",
                    "Value": "1",
                  },
                  Object {
                    "Enabled": true,
                    "Selected": false,
                    "Text": "Major only",
                    "Value": "2",
                  },
                  Object {
                    "Enabled": true,
                    "Selected": false,
                    "Text": "Major and minor",
                    "Value": "3",
                  },
                ],
                "ReadOnly": false,
                "Type": "ChoiceFieldSetting",
                "Visible": false,
                "VisibleBrowse": 1,
                "VisibleEdit": 1,
                "VisibleNew": 1,
              },
              Object {
                "AllowExtraValue": false,
                "AllowMultiple": false,
                "Compulsory": false,
                "ControlHint": "sn:VersioningModeChoice",
                "DefaultOrder": 0,
                "Description": "Specify whether the system should create a new version whenever you create or modify a content below this content.",
                "DisplayChoice": 0,
                "DisplayName": "Version history",
                "EnumTypeName": "",
                "FieldClassName": "SenseNet.ContentRepository.Fields.InheritableVersioningModeField",
                "Name": "InheritableVersioningMode",
                "Options": Array [
                  Object {
                    "Enabled": true,
                    "Selected": true,
                    "Text": "Inherited",
                    "Value": "0",
                  },
                  Object {
                    "Enabled": true,
                    "Selected": false,
                    "Text": "None",
                    "Value": "1",
                  },
                  Object {
                    "Enabled": true,
                    "Selected": false,
                    "Text": "Major only",
                    "Value": "2",
                  },
                  Object {
                    "Enabled": true,
                    "Selected": false,
                    "Text": "Major and minor",
                    "Value": "3",
                  },
                ],
                "ReadOnly": false,
                "Type": "ChoiceFieldSetting",
                "Visible": false,
                "VisibleBrowse": 1,
                "VisibleEdit": 1,
                "VisibleNew": 1,
              },
              Object {
                "Compulsory": false,
                "DefaultOrder": 0,
                "Description": "Content creator.",
                "DisplayName": "Created by",
                "FieldClassName": "SenseNet.ContentRepository.Fields.ReferenceField",
                "Name": "CreatedBy",
                "ReadOnly": false,
                "Type": "ReferenceFieldSetting",
                "Visible": false,
                "VisibleBrowse": 1,
                "VisibleEdit": 1,
                "VisibleNew": 1,
              },
              Object {
                "Compulsory": false,
                "DateTimeMode": 2,
                "DefaultOrder": 0,
                "Description": "Content creation date.",
                "DisplayName": "Creation date",
                "FieldClassName": "SenseNet.ContentRepository.Fields.DateTimeField",
                "Name": "CreationDate",
                "ReadOnly": false,
                "Type": "DateTimeFieldSetting",
                "Visible": false,
                "VisibleBrowse": 1,
                "VisibleEdit": 1,
                "VisibleNew": 1,
              },
              Object {
                "Compulsory": false,
                "DefaultOrder": 0,
                "Description": "Content was last modified by this user.",
                "DisplayName": "Modified By",
                "FieldClassName": "SenseNet.ContentRepository.Fields.ReferenceField",
                "Name": "ModifiedBy",
                "ReadOnly": false,
                "Type": "ReferenceFieldSetting",
                "Visible": false,
                "VisibleBrowse": 1,
                "VisibleEdit": 1,
                "VisibleNew": 1,
              },
              Object {
                "Compulsory": false,
                "DateTimeMode": 2,
                "DefaultOrder": 0,
                "Description": "Content was last modified on this date.",
                "DisplayName": "Modification Date",
                "FieldClassName": "SenseNet.ContentRepository.Fields.DateTimeField",
                "Name": "ModificationDate",
                "ReadOnly": false,
                "Type": "DateTimeFieldSetting",
                "Visible": false,
                "VisibleBrowse": 1,
                "VisibleEdit": 1,
                "VisibleNew": 1,
              },
              Object {
                "AllowExtraValue": false,
                "AllowMultiple": false,
                "Compulsory": false,
                "DefaultOrder": 0,
                "Description": "It shows the approval mode of the current content.",
                "DisplayChoice": 0,
                "DisplayName": "Content Approval For Current Content",
                "EnumTypeName": "",
                "FieldClassName": "SenseNet.ContentRepository.Fields.ApprovingModeField",
                "Name": "ApprovingMode",
                "Options": Array [
                  Object {
                    "Enabled": true,
                    "Selected": true,
                    "Text": "Inherited",
                    "Value": "0",
                  },
                  Object {
                    "Enabled": true,
                    "Selected": false,
                    "Text": "Off",
                    "Value": "1",
                  },
                  Object {
                    "Enabled": true,
                    "Selected": false,
                    "Text": "On",
                    "Value": "2",
                  },
                ],
                "ReadOnly": false,
                "Type": "ChoiceFieldSetting",
                "Visible": false,
                "VisibleBrowse": 1,
                "VisibleEdit": 1,
                "VisibleNew": 1,
              },
              Object {
                "AllowExtraValue": false,
                "AllowMultiple": false,
                "Compulsory": false,
                "ControlHint": "sn:ApprovingModeChoice",
                "DefaultOrder": 0,
                "Description": "Specify whether new or changed content below the current one should remain in a draft state until they have been approved.",
                "DisplayChoice": 0,
                "DisplayName": "Content approval",
                "EnumTypeName": "",
                "FieldClassName": "SenseNet.ContentRepository.Fields.InheritableApprovingModeField",
                "Name": "InheritableApprovingMode",
                "Options": Array [
                  Object {
                    "Enabled": true,
                    "Selected": true,
                    "Text": "Inherited",
                    "Value": "0",
                  },
                  Object {
                    "Enabled": true,
                    "Selected": false,
                    "Text": "Off",
                    "Value": "1",
                  },
                  Object {
                    "Enabled": true,
                    "Selected": false,
                    "Text": "On",
                    "Value": "2",
                  },
                ],
                "ReadOnly": false,
                "Type": "ChoiceFieldSetting",
                "Visible": false,
                "VisibleBrowse": 1,
                "VisibleEdit": 1,
                "VisibleNew": 1,
              },
              Object {
                "Compulsory": false,
                "DefaultOrder": 0,
                "Description": "It shows whether the content is checked out or not.",
                "DisplayName": "Locked",
                "FieldClassName": "SenseNet.ContentRepository.Fields.BooleanField",
                "Name": "Locked",
                "ReadOnly": true,
                "Type": "NullFieldSetting",
                "Visible": false,
                "VisibleBrowse": 1,
                "VisibleEdit": 1,
                "VisibleNew": 1,
              },
              Object {
                "Compulsory": false,
                "DefaultOrder": 0,
                "Description": "The user currently locking the content.",
                "DisplayName": "Checked Out To",
                "FieldClassName": "SenseNet.ContentRepository.Fields.ReferenceField",
                "Name": "CheckedOutTo",
                "ReadOnly": true,
                "Type": "ReferenceFieldSetting",
                "Visible": false,
                "VisibleBrowse": 1,
                "VisibleEdit": 1,
                "VisibleNew": 1,
              },
              Object {
                "Compulsory": false,
                "DefaultOrder": 0,
                "DefaultValue": "false",
                "Description": "You can disable trash for this content and its children. If set, you can not restore deleted content.",
                "DisplayName": "Disable Trash",
                "FieldClassName": "SenseNet.ContentRepository.Fields.BooleanField",
                "Name": "TrashDisabled",
                "ReadOnly": false,
                "Type": "NullFieldSetting",
                "Visible": false,
                "VisibleBrowse": 1,
                "VisibleEdit": 1,
                "VisibleNew": 1,
              },
              Object {
                "AllowExtraValue": false,
                "AllowMultiple": false,
                "Compulsory": false,
                "DefaultOrder": 0,
                "Description": "State of multi-step saving.",
                "DisplayChoice": 0,
                "DisplayName": "Saving state",
                "EnumTypeName": "SenseNet.ContentRepository.Storage.ContentSavingState",
                "FieldClassName": "SenseNet.ContentRepository.Fields.ChoiceField",
                "Name": "SavingState",
                "Options": Array [
                  Object {
                    "Enabled": true,
                    "Selected": false,
                    "Text": "Finalized",
                    "Value": "0",
                  },
                  Object {
                    "Enabled": true,
                    "Selected": false,
                    "Text": "Creating",
                    "Value": "1",
                  },
                  Object {
                    "Enabled": true,
                    "Selected": false,
                    "Text": "Modifying",
                    "Value": "2",
                  },
                  Object {
                    "Enabled": true,
                    "Selected": false,
                    "Text": "ModifyingLocked",
                    "Value": "3",
                  },
                ],
                "ReadOnly": true,
                "Type": "ChoiceFieldSetting",
                "Visible": false,
                "VisibleBrowse": 1,
                "VisibleEdit": 1,
                "VisibleNew": 1,
              },
              Object {
                "Compulsory": false,
                "DefaultOrder": 0,
                "Description": "You can set extra data in this field which is useful when extending a content.",
                "DisplayName": "Extension data",
                "FieldClassName": "SenseNet.ContentRepository.Fields.LongTextField",
                "Name": "ExtensionData",
                "ReadOnly": false,
                "Type": "LongTextFieldSetting",
                "Visible": false,
                "VisibleBrowse": 1,
                "VisibleEdit": 1,
                "VisibleNew": 1,
              },
              Object {
                "AllowMultiple": false,
                "Compulsory": false,
                "DefaultOrder": 0,
                "Description": "Set this, if you would like to override the default browse application.",
                "DisplayName": "Reference To Browse Application",
                "FieldClassName": "SenseNet.ContentRepository.Fields.ReferenceField",
                "Name": "BrowseApplication",
                "ReadOnly": false,
                "Type": "ReferenceFieldSetting",
                "Visible": false,
                "VisibleBrowse": 1,
                "VisibleEdit": 1,
                "VisibleNew": 1,
              },
              Object {
                "Compulsory": false,
                "DefaultOrder": 0,
                "Description": "This fileld is true if the content is in 'pending' state and can be approved by the current user.",
                "DisplayName": "Approvable By Current User",
                "FieldClassName": "SenseNet.ContentRepository.Fields.BooleanField",
                "Name": "Approvable",
                "ReadOnly": true,
                "Type": "NullFieldSetting",
                "Visible": false,
                "VisibleBrowse": 1,
                "VisibleEdit": 1,
                "VisibleNew": 1,
              },
              Object {
                "Compulsory": false,
                "DefaultOrder": 0,
                "DefaultValue": "false",
                "Description": "Specify whether you would like to enable tagging capability for this content.",
                "DisplayName": "Enable Tagging",
                "FieldClassName": "SenseNet.ContentRepository.Fields.BooleanField",
                "Name": "IsTaggable",
                "ReadOnly": false,
                "Type": "NullFieldSetting",
                "Visible": false,
                "VisibleBrowse": 1,
                "VisibleEdit": 1,
                "VisibleNew": 1,
              },
              Object {
                "Compulsory": false,
                "ControlHint": "sn:TagList",
                "DefaultOrder": 0,
                "Description": "List of tags and creators of them separated by commas.",
                "DisplayName": "Tags",
                "FieldClassName": "SenseNet.ContentRepository.Fields.LongTextField",
                "Name": "Tags",
                "ReadOnly": false,
                "Type": "LongTextFieldSetting",
                "Visible": false,
                "VisibleBrowse": 1,
                "VisibleEdit": 1,
                "VisibleNew": 1,
              },
              Object {
                "Compulsory": false,
                "DefaultOrder": 0,
                "DefaultValue": "false",
                "Description": "Specify whether you would like to enable rating capability for this content.",
                "DisplayName": "Enable Rating",
                "FieldClassName": "SenseNet.ContentRepository.Fields.BooleanField",
                "Name": "IsRateable",
                "ReadOnly": false,
                "Type": "NullFieldSetting",
                "Visible": false,
                "VisibleBrowse": 1,
                "VisibleEdit": 1,
                "VisibleNew": 1,
              },
              Object {
                "Compulsory": false,
                "DefaultOrder": 0,
                "Description": "",
                "DisplayName": "Raw value of rating",
                "FieldClassName": "SenseNet.ContentRepository.Fields.ShortTextField",
                "Name": "RateStr",
                "ReadOnly": false,
                "Type": "ShortTextFieldSetting",
                "Visible": false,
                "VisibleBrowse": 1,
                "VisibleEdit": 1,
                "VisibleNew": 1,
              },
              Object {
                "Compulsory": false,
                "DefaultOrder": 0,
                "Description": "Average rate of the content.",
                "DisplayName": "Average rate",
                "FieldClassName": "SenseNet.ContentRepository.Fields.NumberField",
                "Name": "RateAvg",
                "ReadOnly": false,
                "Type": "NumberFieldSetting",
                "Visible": false,
                "VisibleBrowse": 1,
                "VisibleEdit": 1,
                "VisibleNew": 1,
              },
              Object {
                "Compulsory": false,
                "DefaultOrder": 0,
                "Description": "Count of rates.",
                "DisplayName": "Rate count",
                "FieldClassName": "SenseNet.ContentRepository.Fields.IntegerField",
                "Name": "RateCount",
                "ReadOnly": false,
                "Type": "IntegerFieldSetting",
                "Visible": false,
                "VisibleBrowse": 1,
                "VisibleEdit": 1,
                "VisibleNew": 1,
              },
              Object {
                "Compulsory": false,
                "DefaultOrder": 0,
                "Description": "",
                "DisplayName": "Rate",
                "FieldClassName": "SenseNet.ContentRepository.Fields.RatingField",
                "Name": "Rate",
                "Range": 5,
                "ReadOnly": false,
                "Split": 1,
                "Type": "RatingFieldSetting",
                "Visible": false,
                "VisibleBrowse": 1,
                "VisibleEdit": 1,
                "VisibleNew": 1,
              },
              Object {
                "Compulsory": false,
                "DefaultOrder": 0,
                "Description": "This fileld is true if the content can be published by the current user.",
                "DisplayName": "Publishable By Current User",
                "FieldClassName": "SenseNet.ContentRepository.Fields.BooleanField",
                "Name": "Publishable",
                "ReadOnly": true,
                "Type": "NullFieldSetting",
                "Visible": false,
                "VisibleBrowse": 1,
                "VisibleEdit": 1,
                "VisibleNew": 1,
              },
              Object {
                "AllowMultiple": true,
                "Compulsory": false,
                "DefaultOrder": 0,
                "Description": "Content version history.",
                "DisplayName": "Versions",
                "FieldClassName": "SenseNet.ContentRepository.Fields.ReferenceField",
                "Name": "Versions",
                "ReadOnly": true,
                "Type": "ReferenceFieldSetting",
                "Visible": false,
                "VisibleBrowse": 1,
                "VisibleEdit": 1,
                "VisibleNew": 1,
              },
              Object {
                "Compulsory": false,
                "DefaultOrder": 0,
                "Description": "Comments for a new version.",
                "DisplayName": "Checkin comments",
                "FieldClassName": "SenseNet.ContentRepository.Fields.LongTextField",
                "Name": "CheckInComments",
                "ReadOnly": false,
                "Type": "LongTextFieldSetting",
                "Visible": false,
                "VisibleBrowse": 1,
                "VisibleEdit": 1,
                "VisibleNew": 1,
              },
              Object {
                "Compulsory": false,
                "DefaultOrder": 0,
                "Description": "The reason why the content was rejected.",
                "DisplayName": "Reject reason",
                "FieldClassName": "SenseNet.ContentRepository.Fields.LongTextField",
                "Name": "RejectReason",
                "ReadOnly": false,
                "Type": "LongTextFieldSetting",
                "Visible": false,
                "VisibleBrowse": 1,
                "VisibleEdit": 1,
                "VisibleNew": 1,
              },
              Object {
                "AllowMultiple": false,
                "AllowedTypes": Array [
                  "Workspace",
                ],
                "Compulsory": false,
                "DefaultOrder": 0,
                "Description": "The container workspace of the content.",
                "DisplayName": "Workspace",
                "FieldClassName": "SenseNet.ContentRepository.Fields.ReferenceField",
                "Name": "Workspace",
                "ReadOnly": true,
                "Type": "ReferenceFieldSetting",
                "Visible": false,
                "VisibleBrowse": 1,
                "VisibleEdit": 1,
                "VisibleNew": 1,
              },
              Object {
                "Compulsory": false,
                "DefaultOrder": 0,
                "Description": "",
                "DisplayName": "Browse url",
                "FieldClassName": "SenseNet.ContentRepository.Fields.ShortTextField",
                "Name": "BrowseUrl",
                "ReadOnly": true,
                "Type": "ShortTextFieldSetting",
                "Visible": false,
                "VisibleBrowse": 1,
                "VisibleEdit": 1,
                "VisibleNew": 1,
              },
              Object {
                "Compulsory": false,
                "DefaultOrder": 0,
                "Description": "Version was last modified by this user.",
                "DisplayName": "Version is Modified By",
                "FieldClassName": "SenseNet.ContentRepository.Fields.ReferenceField",
                "Name": "VersionModifiedBy",
                "OutputMethod": 0,
                "ReadOnly": false,
                "Type": "ReferenceFieldSetting",
                "Visible": false,
                "VisibleBrowse": 1,
                "VisibleEdit": 1,
                "VisibleNew": 1,
              },
              Object {
                "Compulsory": false,
                "DateTimeMode": 2,
                "DefaultOrder": 0,
                "Description": "Version was last modified on this date.",
                "DisplayName": "Versions Modification Date",
                "FieldClassName": "SenseNet.ContentRepository.Fields.DateTimeField",
                "Name": "VersionModificationDate",
                "OutputMethod": 0,
                "ReadOnly": false,
                "Type": "DateTimeFieldSetting",
                "Visible": false,
                "VisibleBrowse": 1,
                "VisibleEdit": 1,
                "VisibleNew": 1,
              },
              Object {
                "Compulsory": false,
                "DefaultOrder": 0,
                "Description": "Version was last created by this user.",
                "DisplayName": "Version is created By",
                "FieldClassName": "SenseNet.ContentRepository.Fields.ReferenceField",
                "Name": "VersionCreatedBy",
                "OutputMethod": 0,
                "ReadOnly": false,
                "Type": "ReferenceFieldSetting",
                "Visible": false,
                "VisibleBrowse": 1,
                "VisibleEdit": 1,
                "VisibleNew": 1,
              },
              Object {
                "Compulsory": false,
                "DateTimeMode": 2,
                "DefaultOrder": 0,
                "Description": "Version was created on this date.",
                "DisplayName": "Versions Creation Date",
                "FieldClassName": "SenseNet.ContentRepository.Fields.DateTimeField",
                "Name": "VersionCreationDate",
                "OutputMethod": 0,
                "ReadOnly": false,
                "Type": "DateTimeFieldSetting",
                "Visible": false,
                "VisibleBrowse": 1,
                "VisibleEdit": 1,
                "VisibleNew": 1,
              },
            ],
            "HandlerName": "SenseNet.ContentRepository.Users",
            "Icon": "User",
            "ParentTypeName": "GenericContent",
          }
        }
        style={
          Object {
            "flexGrow": 1,
          }
        }
      />
    </WithStyles(ForwardRef(Grid))>
  </div>
  <WithStyles(ForwardRef(Dialog))
    onClose={[Function]}
    open={false}
  >
    <WithStyles(ForwardRef(DialogTitle))>
      Profile
    </WithStyles(ForwardRef(DialogTitle))>
    <WithStyles(ForwardRef(DialogContent)) />
    <WithStyles(ForwardRef(DialogActions))>
      <WithStyles(ForwardRef(Button))
        onClick={[Function]}
      >
        Ok
      </WithStyles(ForwardRef(Button))>
    </WithStyles(ForwardRef(DialogActions))>
  </WithStyles(ForwardRef(Dialog))>
</div>
`;
